
SQL> create user d2 identified by sit;

User created.

SQL> grant connect, resource to d2;

Grant succeeded.

SQL> alter user d2 identified by sneha007;

User altered.

SQL> connect
Enter user-name: d2
Enter password:
ERROR:
ORA-03113: end-of-file on communication channel
Process ID: 0
Session ID: 149 Serial number: 7


Connected.
SQL> connect
Enter user-name: d2@d2
Enter password:
Connected.
SQL> exit
